// Jest Snapshot v1, https://goo.gl/fbAQLP

exports[`onUpdate() onUpdate() cancel 1`] = `"<table><thead><tr><th>product</th><th>type</th><th>price</th><th>stock</th><th></th></tr></thead><tbody><tr><td>Desk</td><td>capex</td><td>100</td><td>20</td><td><button>x</button></td></tr><tr><td>Printer</td><td>capex</td><td>500</td><td>10</td><td><button>x</button></td></tr><tr><td>Paper</td><td>consumable</td><td>5</td><td>2000</td><td><button>x</button></td></tr><tr><td>Chair</td><td>capex</td><td>50</td><td>50</td><td><button>x</button></td></tr><tr><td>Computer</td><td>capex</td><td>1000</td><td>20</td><td><button>x</button></td></tr><tr><td>Rent</td><td></td><td>2000</td><td></td><td><button>x</button></td></tr><tr><td></td><td></td><td></td><td></td><td>&nbsp;</td></tr></tbody></table>"`;

exports[`onUpdate() onUpdate() cancel 2`] = `"<table><thead><tr><th>product</th><th>type</th><th>price</th><th>stock</th><th></th></tr></thead><tbody><tr><td><input type=\\"text\\" value=\\"Desk\\"></td><td><select><option></option><option value=\\"1\\">capex</option><option value=\\"2\\">consumable</option></select></td><td><input type=\\"number\\" value=\\"100\\"></td><td><input type=\\"number\\" value=\\"20\\"></td><td><button>✓</button><button>x</button></td></tr><tr><td>Printer</td><td>capex</td><td>500</td><td>10</td><td><button>x</button></td></tr><tr><td>Paper</td><td>consumable</td><td>5</td><td>2000</td><td><button>x</button></td></tr><tr><td>Chair</td><td>capex</td><td>50</td><td>50</td><td><button>x</button></td></tr><tr><td>Computer</td><td>capex</td><td>1000</td><td>20</td><td><button>x</button></td></tr><tr><td>Rent</td><td></td><td>2000</td><td></td><td><button>x</button></td></tr><tr><td></td><td></td><td></td><td></td><td>&nbsp;</td></tr></tbody></table>"`;

exports[`onUpdate() onUpdate() cancel 3`] = `"<table><thead><tr><th>product</th><th>type</th><th>price</th><th>stock</th><th></th></tr></thead><tbody><tr><td>Desk</td><td>capex</td><td>100</td><td>20</td><td><button>x</button></td></tr><tr><td>Printer</td><td>capex</td><td>500</td><td>10</td><td><button>x</button></td></tr><tr><td>Paper</td><td>consumable</td><td>5</td><td>2000</td><td><button>x</button></td></tr><tr><td>Chair</td><td>capex</td><td>50</td><td>50</td><td><button>x</button></td></tr><tr><td>Computer</td><td>capex</td><td>1000</td><td>20</td><td><button>x</button></td></tr><tr><td>Rent</td><td></td><td>2000</td><td></td><td><button>x</button></td></tr><tr><td></td><td></td><td></td><td></td><td>&nbsp;</td></tr></tbody></table>"`;

exports[`onUpdate() onUpdate() cancel w/keyboard 1`] = `"<table><thead><tr><th>product</th><th>type</th><th>price</th><th>stock</th><th></th></tr></thead><tbody><tr><td>Desk</td><td>capex</td><td>100</td><td>20</td><td><button>x</button></td></tr><tr><td>Printer</td><td>capex</td><td>500</td><td>10</td><td><button>x</button></td></tr><tr><td>Paper</td><td>consumable</td><td>5</td><td>2000</td><td><button>x</button></td></tr><tr><td>Chair</td><td>capex</td><td>50</td><td>50</td><td><button>x</button></td></tr><tr><td>Computer</td><td>capex</td><td>1000</td><td>20</td><td><button>x</button></td></tr><tr><td>Rent</td><td></td><td>2000</td><td></td><td><button>x</button></td></tr><tr><td></td><td></td><td></td><td></td><td>&nbsp;</td></tr></tbody></table>"`;

exports[`onUpdate() onUpdate() cancel w/keyboard 2`] = `"<table><thead><tr><th>product</th><th>type</th><th>price</th><th>stock</th><th></th></tr></thead><tbody><tr><td><input type=\\"text\\" value=\\"Desk\\"></td><td><select><option></option><option value=\\"1\\">capex</option><option value=\\"2\\">consumable</option></select></td><td><input type=\\"number\\" value=\\"100\\"></td><td><input type=\\"number\\" value=\\"20\\"></td><td><button>✓</button><button>x</button></td></tr><tr><td>Printer</td><td>capex</td><td>500</td><td>10</td><td><button>x</button></td></tr><tr><td>Paper</td><td>consumable</td><td>5</td><td>2000</td><td><button>x</button></td></tr><tr><td>Chair</td><td>capex</td><td>50</td><td>50</td><td><button>x</button></td></tr><tr><td>Computer</td><td>capex</td><td>1000</td><td>20</td><td><button>x</button></td></tr><tr><td>Rent</td><td></td><td>2000</td><td></td><td><button>x</button></td></tr><tr><td></td><td></td><td></td><td></td><td>&nbsp;</td></tr></tbody></table>"`;

exports[`onUpdate() onUpdate() cancel w/keyboard 3`] = `"<table><thead><tr><th>product</th><th>type</th><th>price</th><th>stock</th><th></th></tr></thead><tbody><tr><td>Desk</td><td>capex</td><td>100</td><td>20</td><td><button>x</button></td></tr><tr><td>Printer</td><td>capex</td><td>500</td><td>10</td><td><button>x</button></td></tr><tr><td>Paper</td><td>consumable</td><td>5</td><td>2000</td><td><button>x</button></td></tr><tr><td>Chair</td><td>capex</td><td>50</td><td>50</td><td><button>x</button></td></tr><tr><td>Computer</td><td>capex</td><td>1000</td><td>20</td><td><button>x</button></td></tr><tr><td>Rent</td><td></td><td>2000</td><td></td><td><button>x</button></td></tr><tr><td></td><td></td><td></td><td></td><td>&nbsp;</td></tr></tbody></table>"`;

exports[`onUpdate() onUpdate() false 1`] = `"<table><thead><tr><th>product</th><th>type</th><th>price</th><th>stock</th><th></th></tr></thead><tbody><tr><td>Desk</td><td>capex</td><td>100</td><td>20</td><td><button>x</button></td></tr><tr><td>Printer</td><td>capex</td><td>500</td><td>10</td><td><button>x</button></td></tr><tr><td>Paper</td><td>consumable</td><td>5</td><td>2000</td><td><button>x</button></td></tr><tr><td>Chair</td><td>capex</td><td>50</td><td>50</td><td><button>x</button></td></tr><tr><td>Computer</td><td>capex</td><td>1000</td><td>20</td><td><button>x</button></td></tr><tr><td>Rent</td><td></td><td>2000</td><td></td><td><button>x</button></td></tr><tr><td></td><td></td><td></td><td></td><td>&nbsp;</td></tr></tbody></table>"`;

exports[`onUpdate() onUpdate() false 2`] = `"<table><thead><tr><th>product</th><th>type</th><th>price</th><th>stock</th><th></th></tr></thead><tbody><tr><td><input type=\\"text\\" value=\\"Desk\\"></td><td><select><option></option><option value=\\"1\\">capex</option><option value=\\"2\\">consumable</option></select></td><td><input type=\\"number\\" value=\\"100\\"></td><td><input type=\\"number\\" value=\\"20\\"></td><td><button>✓</button><button>x</button></td></tr><tr><td>Printer</td><td>capex</td><td>500</td><td>10</td><td><button>x</button></td></tr><tr><td>Paper</td><td>consumable</td><td>5</td><td>2000</td><td><button>x</button></td></tr><tr><td>Chair</td><td>capex</td><td>50</td><td>50</td><td><button>x</button></td></tr><tr><td>Computer</td><td>capex</td><td>1000</td><td>20</td><td><button>x</button></td></tr><tr><td>Rent</td><td></td><td>2000</td><td></td><td><button>x</button></td></tr><tr><td></td><td></td><td></td><td></td><td>&nbsp;</td></tr></tbody></table>"`;

exports[`onUpdate() onUpdate() false 3`] = `"<table><thead><tr><th>product</th><th>type</th><th>price</th><th>stock</th><th></th></tr></thead><tbody><tr><td><input type=\\"text\\" value=\\"Desk 2\\"></td><td><select><option></option><option value=\\"1\\">capex</option><option value=\\"2\\">consumable</option></select></td><td><input type=\\"number\\" value=\\"100\\"></td><td><input type=\\"number\\" value=\\"20\\"></td><td><button>✓</button><button>x</button></td></tr><tr><td>Printer</td><td>capex</td><td>500</td><td>10</td><td><button>x</button></td></tr><tr><td>Paper</td><td>consumable</td><td>5</td><td>2000</td><td><button>x</button></td></tr><tr><td>Chair</td><td>capex</td><td>50</td><td>50</td><td><button>x</button></td></tr><tr><td>Computer</td><td>capex</td><td>1000</td><td>20</td><td><button>x</button></td></tr><tr><td>Rent</td><td></td><td>2000</td><td></td><td><button>x</button></td></tr><tr><td></td><td></td><td></td><td></td><td>&nbsp;</td></tr></tbody></table>"`;

exports[`onUpdate() onUpdate() replace 1`] = `"<table><thead><tr><th>product</th><th>type</th><th>price</th><th>stock</th><th></th></tr></thead><tbody><tr><td>Desk</td><td>capex</td><td>100</td><td>20</td><td><button>x</button></td></tr><tr><td>Printer</td><td>capex</td><td>500</td><td>10</td><td><button>x</button></td></tr><tr><td>Paper</td><td>consumable</td><td>5</td><td>2000</td><td><button>x</button></td></tr><tr><td>Chair</td><td>capex</td><td>50</td><td>50</td><td><button>x</button></td></tr><tr><td>Computer</td><td>capex</td><td>1000</td><td>20</td><td><button>x</button></td></tr><tr><td>Rent</td><td></td><td>2000</td><td></td><td><button>x</button></td></tr><tr><td></td><td></td><td></td><td></td><td>&nbsp;</td></tr></tbody></table>"`;

exports[`onUpdate() onUpdate() replace 2`] = `"<table><thead><tr><th>product</th><th>type</th><th>price</th><th>stock</th><th></th></tr></thead><tbody><tr><td><input type=\\"text\\" value=\\"Desk\\"></td><td><select><option></option><option value=\\"1\\">capex</option><option value=\\"2\\">consumable</option></select></td><td><input type=\\"number\\" value=\\"100\\"></td><td><input type=\\"number\\" value=\\"20\\"></td><td><button>✓</button><button>x</button></td></tr><tr><td>Printer</td><td>capex</td><td>500</td><td>10</td><td><button>x</button></td></tr><tr><td>Paper</td><td>consumable</td><td>5</td><td>2000</td><td><button>x</button></td></tr><tr><td>Chair</td><td>capex</td><td>50</td><td>50</td><td><button>x</button></td></tr><tr><td>Computer</td><td>capex</td><td>1000</td><td>20</td><td><button>x</button></td></tr><tr><td>Rent</td><td></td><td>2000</td><td></td><td><button>x</button></td></tr><tr><td></td><td></td><td></td><td></td><td>&nbsp;</td></tr></tbody></table>"`;

exports[`onUpdate() onUpdate() replace 3`] = `"<table><thead><tr><th>product</th><th>type</th><th>price</th><th>stock</th><th></th></tr></thead><tbody><tr><td>different</td><td>capex</td><td>100</td><td>20</td><td><button>x</button></td></tr><tr><td>Printer</td><td>capex</td><td>500</td><td>10</td><td><button>x</button></td></tr><tr><td>Paper</td><td>consumable</td><td>5</td><td>2000</td><td><button>x</button></td></tr><tr><td>Chair</td><td>capex</td><td>50</td><td>50</td><td><button>x</button></td></tr><tr><td>Computer</td><td>capex</td><td>1000</td><td>20</td><td><button>x</button></td></tr><tr><td>Rent</td><td></td><td>2000</td><td></td><td><button>x</button></td></tr><tr><td></td><td></td><td></td><td></td><td>&nbsp;</td></tr></tbody></table>"`;

exports[`onUpdate() onUpdate() undefined 1`] = `"<table><thead><tr><th>product</th><th>type</th><th>price</th><th>stock</th><th></th></tr></thead><tbody><tr><td>Desk</td><td>capex</td><td>100</td><td>20</td><td><button>x</button></td></tr><tr><td>Printer</td><td>capex</td><td>500</td><td>10</td><td><button>x</button></td></tr><tr><td>Paper</td><td>consumable</td><td>5</td><td>2000</td><td><button>x</button></td></tr><tr><td>Chair</td><td>capex</td><td>50</td><td>50</td><td><button>x</button></td></tr><tr><td>Computer</td><td>capex</td><td>1000</td><td>20</td><td><button>x</button></td></tr><tr><td>Rent</td><td></td><td>2000</td><td></td><td><button>x</button></td></tr><tr><td></td><td></td><td></td><td></td><td>&nbsp;</td></tr></tbody></table>"`;

exports[`onUpdate() onUpdate() undefined 2`] = `"<table><thead><tr><th>product</th><th>type</th><th>price</th><th>stock</th><th></th></tr></thead><tbody><tr><td><input type=\\"text\\" value=\\"Desk\\"></td><td><select><option></option><option value=\\"1\\">capex</option><option value=\\"2\\">consumable</option></select></td><td><input type=\\"number\\" value=\\"100\\"></td><td><input type=\\"number\\" value=\\"20\\"></td><td><button>✓</button><button>x</button></td></tr><tr><td>Printer</td><td>capex</td><td>500</td><td>10</td><td><button>x</button></td></tr><tr><td>Paper</td><td>consumable</td><td>5</td><td>2000</td><td><button>x</button></td></tr><tr><td>Chair</td><td>capex</td><td>50</td><td>50</td><td><button>x</button></td></tr><tr><td>Computer</td><td>capex</td><td>1000</td><td>20</td><td><button>x</button></td></tr><tr><td>Rent</td><td></td><td>2000</td><td></td><td><button>x</button></td></tr><tr><td></td><td></td><td></td><td></td><td>&nbsp;</td></tr></tbody></table>"`;

exports[`onUpdate() onUpdate() undefined 3`] = `"<table><thead><tr><th>product</th><th>type</th><th>price</th><th>stock</th><th></th></tr></thead><tbody><tr><td>new Desk</td><td>capex</td><td>100</td><td>20</td><td><button>x</button></td></tr><tr><td>Printer</td><td>capex</td><td>500</td><td>10</td><td><button>x</button></td></tr><tr><td>Paper</td><td>consumable</td><td>5</td><td>2000</td><td><button>x</button></td></tr><tr><td>Chair</td><td>capex</td><td>50</td><td>50</td><td><button>x</button></td></tr><tr><td>Computer</td><td>capex</td><td>1000</td><td>20</td><td><button>x</button></td></tr><tr><td>Rent</td><td></td><td>2000</td><td></td><td><button>x</button></td></tr><tr><td></td><td></td><td></td><td></td><td>&nbsp;</td></tr></tbody></table>"`;

exports[`onUpdate() onUpdate() w/enum 1`] = `"<table><thead><tr><th>product</th><th>type</th><th>price</th><th>stock</th><th></th></tr></thead><tbody><tr><td>Desk</td><td>capex</td><td>100</td><td>20</td><td><button>x</button></td></tr><tr><td>Printer</td><td>capex</td><td>500</td><td>10</td><td><button>x</button></td></tr><tr><td>Paper</td><td>consumable</td><td>5</td><td>2000</td><td><button>x</button></td></tr><tr><td>Chair</td><td>capex</td><td>50</td><td>50</td><td><button>x</button></td></tr><tr><td>Computer</td><td>capex</td><td>1000</td><td>20</td><td><button>x</button></td></tr><tr><td>Rent</td><td></td><td>2000</td><td></td><td><button>x</button></td></tr><tr><td></td><td></td><td></td><td></td><td>&nbsp;</td></tr></tbody></table>"`;

exports[`onUpdate() onUpdate() w/enum 2`] = `"<table><thead><tr><th>product</th><th>type</th><th>price</th><th>stock</th><th></th></tr></thead><tbody><tr><td><input type=\\"text\\" value=\\"Desk\\"></td><td><select><option></option><option value=\\"1\\">capex</option><option value=\\"2\\">consumable</option></select></td><td><input type=\\"number\\" value=\\"100\\"></td><td><input type=\\"number\\" value=\\"20\\"></td><td><button>✓</button><button>x</button></td></tr><tr><td>Printer</td><td>capex</td><td>500</td><td>10</td><td><button>x</button></td></tr><tr><td>Paper</td><td>consumable</td><td>5</td><td>2000</td><td><button>x</button></td></tr><tr><td>Chair</td><td>capex</td><td>50</td><td>50</td><td><button>x</button></td></tr><tr><td>Computer</td><td>capex</td><td>1000</td><td>20</td><td><button>x</button></td></tr><tr><td>Rent</td><td></td><td>2000</td><td></td><td><button>x</button></td></tr><tr><td></td><td></td><td></td><td></td><td>&nbsp;</td></tr></tbody></table>"`;

exports[`onUpdate() onUpdate() w/enum 3`] = `"<table><thead><tr><th>product</th><th>type</th><th>price</th><th>stock</th><th></th></tr></thead><tbody><tr><td>Desk</td><td>consumable</td><td>100</td><td>20</td><td><button>x</button></td></tr><tr><td>Printer</td><td>capex</td><td>500</td><td>10</td><td><button>x</button></td></tr><tr><td>Paper</td><td>consumable</td><td>5</td><td>2000</td><td><button>x</button></td></tr><tr><td>Chair</td><td>capex</td><td>50</td><td>50</td><td><button>x</button></td></tr><tr><td>Computer</td><td>capex</td><td>1000</td><td>20</td><td><button>x</button></td></tr><tr><td>Rent</td><td></td><td>2000</td><td></td><td><button>x</button></td></tr><tr><td></td><td></td><td></td><td></td><td>&nbsp;</td></tr></tbody></table>"`;

exports[`onUpdate() onUpdate() w/keyboard 1`] = `"<table><thead><tr><th>product</th><th>type</th><th>price</th><th>stock</th><th></th></tr></thead><tbody><tr><td>Desk</td><td>capex</td><td>100</td><td>20</td><td><button>x</button></td></tr><tr><td>Printer</td><td>capex</td><td>500</td><td>10</td><td><button>x</button></td></tr><tr><td>Paper</td><td>consumable</td><td>5</td><td>2000</td><td><button>x</button></td></tr><tr><td>Chair</td><td>capex</td><td>50</td><td>50</td><td><button>x</button></td></tr><tr><td>Computer</td><td>capex</td><td>1000</td><td>20</td><td><button>x</button></td></tr><tr><td>Rent</td><td></td><td>2000</td><td></td><td><button>x</button></td></tr><tr><td></td><td></td><td></td><td></td><td>&nbsp;</td></tr></tbody></table>"`;

exports[`onUpdate() onUpdate() w/keyboard 2`] = `"<table><thead><tr><th>product</th><th>type</th><th>price</th><th>stock</th><th></th></tr></thead><tbody><tr><td><input type=\\"text\\" value=\\"Desk\\"></td><td><select><option></option><option value=\\"1\\">capex</option><option value=\\"2\\">consumable</option></select></td><td><input type=\\"number\\" value=\\"100\\"></td><td><input type=\\"number\\" value=\\"20\\"></td><td><button>✓</button><button>x</button></td></tr><tr><td>Printer</td><td>capex</td><td>500</td><td>10</td><td><button>x</button></td></tr><tr><td>Paper</td><td>consumable</td><td>5</td><td>2000</td><td><button>x</button></td></tr><tr><td>Chair</td><td>capex</td><td>50</td><td>50</td><td><button>x</button></td></tr><tr><td>Computer</td><td>capex</td><td>1000</td><td>20</td><td><button>x</button></td></tr><tr><td>Rent</td><td></td><td>2000</td><td></td><td><button>x</button></td></tr><tr><td></td><td></td><td></td><td></td><td>&nbsp;</td></tr></tbody></table>"`;

exports[`onUpdate() onUpdate() w/keyboard 3`] = `"<table><thead><tr><th>product</th><th>type</th><th>price</th><th>stock</th><th></th></tr></thead><tbody><tr><td>Desk</td><td>capex</td><td>102</td><td>20</td><td><button>x</button></td></tr><tr><td>Printer</td><td>capex</td><td>500</td><td>10</td><td><button>x</button></td></tr><tr><td>Paper</td><td>consumable</td><td>5</td><td>2000</td><td><button>x</button></td></tr><tr><td>Chair</td><td>capex</td><td>50</td><td>50</td><td><button>x</button></td></tr><tr><td>Computer</td><td>capex</td><td>1000</td><td>20</td><td><button>x</button></td></tr><tr><td>Rent</td><td></td><td>2000</td><td></td><td><button>x</button></td></tr><tr><td></td><td></td><td></td><td></td><td>&nbsp;</td></tr></tbody></table>"`;
